
scala> spark.read.format
format   formatted

scala> spark.read.format("json").load("file:///home/trainings/SAIWS/BATCHES/BATCH181217/Datasets/people.json");
res3: org.apache.spark.sql.DataFrame = [age: bigint, name: string]

scala> val peopleJSON = spark.read.format("json").load("file:///home/trainings/SAIWS/BATCHES/BATCH181217/Datasets/people.json");
peopleJSON: org.apache.spark.sql.DataFrame = [age: bigint, name: string]

scala> peopleJSON.write.saveAsTable("people2")
SLF4J: Failed to load class "org.slf4j.impl.StaticLoggerBinder".
SLF4J: Defaulting to no-operation (NOP) logger implementation
SLF4J: See http://www.slf4j.org/codes.html#StaticLoggerBinder for further details.

scala> import spark.sql
import spark.sql

scala> sql("select * from people2")
